Archive member included because of file (symbol)

/Users/alexshapiro/Library/Application Support/Pebble SDK/SDKs/current/sdk-core/pebble/aplite/lib/libpebble.a(tmp7jpKUopebble.o)
                              src/Blockslide.c.25.o (accel_tap_service_subscribe)

Allocating common symbols
Common symbol       size              file

digitCorners        0x2b1             src/Blockslide.c.25.o
rootLayer           0x4               src/Blockslide.c.25.o
animImpl            0xc               src/Blockslide.c.25.o
mainLayer           0x4               src/Blockslide.c.25.o
window              0x4               src/Blockslide.c.25.o
slot                0x180             src/Blockslide.c.25.o

Discarded input sections

 .text          0x0000000000000000        0x0 /Users/alexshapiro/Library/Application Support/Pebble SDK/SDKs/4.9.77/toolchain/arm-none-eabi/bin/../lib/gcc/arm-none-eabi/4.7.2/thumb2/crti.o
 .bss           0x0000000000000000        0x0 /Users/alexshapiro/Library/Application Support/Pebble SDK/SDKs/4.9.77/toolchain/arm-none-eabi/bin/../lib/gcc/arm-none-eabi/4.7.2/thumb2/crti.o
 .init          0x0000000000000000        0x4 /Users/alexshapiro/Library/Application Support/Pebble SDK/SDKs/4.9.77/toolchain/arm-none-eabi/bin/../lib/gcc/arm-none-eabi/4.7.2/thumb2/crti.o
 .fini          0x0000000000000000        0x4 /Users/alexshapiro/Library/Application Support/Pebble SDK/SDKs/4.9.77/toolchain/arm-none-eabi/bin/../lib/gcc/arm-none-eabi/4.7.2/thumb2/crti.o
 .text          0x0000000000000000       0xc8 /Users/alexshapiro/Library/Application Support/Pebble SDK/SDKs/4.9.77/toolchain/arm-none-eabi/bin/../lib/gcc/arm-none-eabi/4.7.2/thumb2/crtbegin.o
 .bss           0x0000000000000000       0x1c /Users/alexshapiro/Library/Application Support/Pebble SDK/SDKs/4.9.77/toolchain/arm-none-eabi/bin/../lib/gcc/arm-none-eabi/4.7.2/thumb2/crtbegin.o
 .init_array    0x0000000000000000        0x4 /Users/alexshapiro/Library/Application Support/Pebble SDK/SDKs/4.9.77/toolchain/arm-none-eabi/bin/../lib/gcc/arm-none-eabi/4.7.2/thumb2/crtbegin.o
 .fini_array    0x0000000000000000        0x4 /Users/alexshapiro/Library/Application Support/Pebble SDK/SDKs/4.9.77/toolchain/arm-none-eabi/bin/../lib/gcc/arm-none-eabi/4.7.2/thumb2/crtbegin.o
 .eh_frame      0x0000000000000000        0x0 /Users/alexshapiro/Library/Application Support/Pebble SDK/SDKs/4.9.77/toolchain/arm-none-eabi/bin/../lib/gcc/arm-none-eabi/4.7.2/thumb2/crtbegin.o
 .jcr           0x0000000000000000        0x0 /Users/alexshapiro/Library/Application Support/Pebble SDK/SDKs/4.9.77/toolchain/arm-none-eabi/bin/../lib/gcc/arm-none-eabi/4.7.2/thumb2/crtbegin.o
 .tm_clone_table
                0x0000000000000000        0x0 /Users/alexshapiro/Library/Application Support/Pebble SDK/SDKs/4.9.77/toolchain/arm-none-eabi/bin/../lib/gcc/arm-none-eabi/4.7.2/thumb2/crtbegin.o
 .text          0x0000000000000000        0x0 src/Blockslide.c.25.o
 .bss           0x0000000000000000        0x0 src/Blockslide.c.25.o
 .text.initColors
                0x0000000000000000        0x2 src/Blockslide.c.25.o
 .text.hexCharToInt
                0x0000000000000000       0x2c src/Blockslide.c.25.o
 .text.hexStringToByte
                0x0000000000000000       0x2a src/Blockslide.c.25.o
 .text.decodeThemeCode
                0x0000000000000000        0x2 src/Blockslide.c.25.o
 .bss.digitShapesChanged
                0x0000000000000000        0x1 src/Blockslide.c.25.o
 .bss.buffer    0x0000000000000000      0x100 src/Blockslide.c.25.o
 .text          0x0000000000000000        0x0 aplite/appinfo.auto.c.25.o
 .bss           0x0000000000000000        0x0 aplite/appinfo.auto.c.25.o
 .text          0x0000000000000000        0x0 aplite/src/resource_ids.auto.c.25.o
 .bss           0x0000000000000000        0x0 aplite/src/resource_ids.auto.c.25.o
 .data.RESOURCE_ID_IMAGE_MENU_ICON
                0x0000000000000000        0x4 aplite/src/resource_ids.auto.c.25.o
 .text          0x0000000000000000        0x0 src/message_keys.auto.c.25.o
 .bss           0x0000000000000000        0x0 src/message_keys.auto.c.25.o
 .data.MESSAGE_KEY_stripes
                0x0000000000000000        0x4 src/message_keys.auto.c.25.o
 .data.MESSAGE_KEY_invert
                0x0000000000000000        0x4 src/message_keys.auto.c.25.o
 .data.MESSAGE_KEY_bluetooth
                0x0000000000000000        0x4 src/message_keys.auto.c.25.o
 .data.MESSAGE_KEY_splash
                0x0000000000000000        0x4 src/message_keys.auto.c.25.o
 .data.MESSAGE_KEY_battery
                0x0000000000000000        0x4 src/message_keys.auto.c.25.o
 .data.MESSAGE_KEY_fulldigits
                0x0000000000000000        0x4 src/message_keys.auto.c.25.o
 .data.MESSAGE_KEY_dateorder
                0x0000000000000000        0x4 src/message_keys.auto.c.25.o
 .data.MESSAGE_KEY_roundcorners
                0x0000000000000000        0x4 src/message_keys.auto.c.25.o
 .data.MESSAGE_KEY_mirror
                0x0000000000000000        0x4 src/message_keys.auto.c.25.o
[...]
Memory Configuration

Name             Origin             Length             Attributes
APP              0x0000000000000000 0x0000000000006000 xrw
*default*        0x0000000000000000 0xffffffffffffffff

Linker script and memory map

LOAD /Users/alexshapiro/Library/Application Support/Pebble SDK/SDKs/4.9.77/toolchain/arm-none-eabi/bin/../lib/gcc/arm-none-eabi/4.7.2/thumb2/crti.o
LOAD /Users/alexshapiro/Library/Application Support/Pebble SDK/SDKs/4.9.77/toolchain/arm-none-eabi/bin/../lib/gcc/arm-none-eabi/4.7.2/thumb2/crtbegin.o
LOAD src/Blockslide.c.25.o
LOAD aplite/appinfo.auto.c.25.o
LOAD aplite/src/resource_ids.auto.c.25.o
LOAD src/message_keys.auto.c.25.o
LOAD /Users/alexshapiro/Library/Application Support/Pebble SDK/SDKs/current/sdk-core/pebble/aplite/lib/libpebble.a
START GROUP
LOAD /Users/alexshapiro/Library/Application Support/Pebble SDK/SDKs/4.9.77/toolchain/arm-none-eabi/bin/../lib/gcc/arm-none-eabi/4.7.2/thumb2/libgcc.a
LOAD /Users/alexshapiro/Library/Application Support/Pebble SDK/SDKs/4.9.77/toolchain/arm-none-eabi/bin/../lib/gcc/arm-none-eabi/4.7.2/../../../../arm-none-eabi/lib/thumb2/libc.a
END GROUP
LOAD /Users/alexshapiro/Library/Application Support/Pebble SDK/SDKs/4.9.77/toolchain/arm-none-eabi/bin/../lib/gcc/arm-none-eabi/4.7.2/thumb2/crtend.o
LOAD /Users/alexshapiro/Library/Application Support/Pebble SDK/SDKs/4.9.77/toolchain/arm-none-eabi/bin/../lib/gcc/arm-none-eabi/4.7.2/thumb2/crtn.o

.header         0x0000000000000000       0x82
 *(.pbl_header)
 .pbl_header    0x0000000000000000       0x82 aplite/appinfo.auto.c.25.o
                0x0000000000000000                __pbl_app_info

.note.gnu.build-id
                0x0000000000000082       0x26
                0x0000000000000082                PROVIDE (BUILD_ID, .)
 *(.note.gnu.build-id)
 *fill*         0x0000000000000082        0x2 
 .note.gnu.build-id
                0x0000000000000084       0x24 linker stubs

.text           0x00000000000000a8     0x1758
 *(.text)
 .text          0x00000000000000a8       0x14 /Users/alexshapiro/Library/Application Support/Pebble SDK/SDKs/current/sdk-core/pebble/aplite/lib/libpebble.a(tmp7jpKUopebble.o)
 *(.text.*)
 .text.destroyAnim
                0x00000000000000bc       0x10 src/Blockslide.c.25.o
                0x00000000000000bc                destroyAnim
 .text.in_dropped_handler
                0x00000000000000cc        0x2 src/Blockslide.c.25.o
                0x00000000000000cc                in_dropped_handler
 *fill*         0x00000000000000ce        0x2 
 .text.animateDigits
                0x00000000000000d0       0x44 src/Blockslide.c.25.o
                0x00000000000000d0                animateDigits
 .text.updateMainLayer
                0x0000000000000114       0x58 src/Blockslide.c.25.o
                0x0000000000000114                updateMainLayer
 .text.slotFrame
                0x000000000000016c       0x5c src/Blockslide.c.25.o
                0x000000000000016c                slotFrame
 .text.findSlot
                0x00000000000001c8       0x2c src/Blockslide.c.25.o
                0x00000000000001c8                findSlot
 .text.updateSlot
                0x00000000000001f4      0x180 src/Blockslide.c.25.o
                0x00000000000001f4                updateSlot
 .text.initSlot
                0x0000000000000374       0x80 src/Blockslide.c.25.o
                0x0000000000000374                initSlot
 .text.deinitSlot
                0x00000000000003f4       0x18 src/Blockslide.c.25.o
                0x00000000000003f4                deinitSlot
 .text.redrawAllSlots
                0x000000000000040c       0x34 src/Blockslide.c.25.o
                0x000000000000040c                redrawAllSlots
 .text.createAnim
                0x0000000000000440       0x68 src/Blockslide.c.25.o
                0x0000000000000440                createAnim
 .text.handle_bluetooth
                0x00000000000004a8      0x13c src/Blockslide.c.25.o
                0x00000000000004a8                handle_bluetooth
 .text.handle_tick
                0x00000000000005e4      0x1d8 src/Blockslide.c.25.o
                0x00000000000005e4                handle_tick
 .text.do_update
                0x00000000000007bc       0x28 src/Blockslide.c.25.o
                0x00000000000007bc                do_update
 .text.handle_timer
                0x00000000000007e4       0x1c src/Blockslide.c.25.o
                0x00000000000007e4                handle_timer
 .text.safe_register_timer
                0x0000000000000800       0x30 src/Blockslide.c.25.o
                0x0000000000000800                safe_register_timer
 .text.handle_tap
                0x0000000000000830       0xec src/Blockslide.c.25.o
                0x0000000000000830                handle_tap
 .text.applyConfig
                0x000000000000091c       0x14 src/Blockslide.c.25.o
                0x000000000000091c                applyConfig
 .text.checkAndSaveInt
                0x0000000000000930       0x48 src/Blockslide.c.25.o
                0x0000000000000930                checkAndSaveInt
 .text.checkAndSaveString
                0x0000000000000978       0x78 src/Blockslide.c.25.o
                0x0000000000000978                checkAndSaveString
 .text.calcTileCorners
                0x00000000000009f0       0xb2 src/Blockslide.c.25.o
                0x00000000000009f0                calcTileCorners
 *fill*         0x0000000000000aa2        0x2 
 .text.calcDigitCorners
                0x0000000000000aa4       0xbc src/Blockslide.c.25.o
                0x0000000000000aa4                calcDigitCorners
 .text.swapDigitShapes
                0x0000000000000b60       0x80 src/Blockslide.c.25.o
                0x0000000000000b60                swapDigitShapes
 .text.in_received_handler
                0x0000000000000be0      0x1c4 src/Blockslide.c.25.o
                0x0000000000000be0                in_received_handler
 .text.readConfig
                0x0000000000000da4      0x344 src/Blockslide.c.25.o
                0x0000000000000da4                readConfig
 .text.initDigitCorners
                0x00000000000010e8       0x12 src/Blockslide.c.25.o
                0x00000000000010e8                initDigitCorners
 *fill*         0x00000000000010fa        0x2 
 .text.initSplash
                0x00000000000010fc      0x108 src/Blockslide.c.25.o
                0x00000000000010fc                initSplash
 .text.handle_init
                0x0000000000001204      0x140 src/Blockslide.c.25.o
                0x0000000000001204                handle_init
 .text.handle_deinit
                0x0000000000001344       0x78 src/Blockslide.c.25.o
                0x0000000000001344                handle_deinit
 .text.startup.main
                0x00000000000013bc       0x12 src/Blockslide.c.25.o
                0x00000000000013bc                main
 *fill*         0x00000000000013ce        0x2 
 .text.accel_tap_service_subscribe
                0x00000000000013d0        0xc /Users/alexshapiro/Library/Application Support/Pebble SDK/SDKs/current/sdk-core/pebble/aplite/lib/libpebble.a(tmp7jpKUopebble.o)
                0x00000000000013d0                accel_tap_service_subscribe
 .text.accel_tap_service_unsubscribe
                0x00000000000013dc        0xc /Users/alexshapiro/Library/Application Support/Pebble SDK/SDKs/current/sdk-core/pebble/aplite/lib/libpebble.a(tmp7jpKUopebble.o)
                0x00000000000013dc                accel_tap_service_unsubscribe
 .text.app_event_loop
                0x00000000000013e8        0xc /Users/alexshapiro/Library/Application Support/Pebble SDK/SDKs/current/sdk-core/pebble/aplite/lib/libpebble.a(tmp7jpKUopebble.o)
                0x00000000000013e8                app_event_loop
 .text.app_log  0x00000000000013f4        0xc /Users/alexshapiro/Library/Application Support/Pebble SDK/SDKs/current/sdk-core/pebble/aplite/lib/libpebble.a(tmp7jpKUopebble.o)
                0x00000000000013f4                app_log
 .text.app_message_open
                0x0000000000001400        0xc /Users/alexshapiro/Library/Application Support/Pebble SDK/SDKs/current/sdk-core/pebble/aplite/lib/libpebble.a(tmp7jpKUopebble.o)
                0x0000000000001400                app_message_open
 .text.app_timer_cancel
                0x000000000000140c        0xc /Users/alexshapiro/Library/Application Support/Pebble SDK/SDKs/current/sdk-core/pebble/aplite/lib/libpebble.a(tmp7jpKUopebble.o)
                0x000000000000140c                app_timer_cancel
 .text.app_timer_register
                0x0000000000001418        0xc /Users/alexshapiro/Library/Application Support/Pebble SDK/SDKs/current/sdk-core/pebble/aplite/lib/libpebble.a(tmp7jpKUopebble.o)
                0x0000000000001418                app_timer_register
 .text.battery_state_service_peek
                0x0000000000001424        0xc /Users/alexshapiro/Library/Application Support/Pebble SDK/SDKs/current/sdk-core/pebble/aplite/lib/libpebble.a(tmp7jpKUopebble.o)
                0x0000000000001424                battery_state_service_peek
 .text.bluetooth_connection_service_peek
                0x0000000000001430        0xc /Users/alexshapiro/Library/Application Support/Pebble SDK/SDKs/current/sdk-core/pebble/aplite/lib/libpebble.a(tmp7jpKUopebble.o)
                0x0000000000001430                bluetooth_connection_service_peek
 .text.bluetooth_connection_service_subscribe
                0x000000000000143c        0xc /Users/alexshapiro/Library/Application Support/Pebble SDK/SDKs/current/sdk-core/pebble/aplite/lib/libpebble.a(tmp7jpKUopebble.o)
                0x000000000000143c                bluetooth_connection_service_subscribe
 .text.bluetooth_connection_service_unsubscribe
                0x0000000000001448        0xc /Users/alexshapiro/Library/Application Support/Pebble SDK/SDKs/current/sdk-core/pebble/aplite/lib/libpebble.a(tmp7jpKUopebble.o)
                0x0000000000001448                bluetooth_connection_service_unsubscribe
 .text.clock_is_24h_style
                0x0000000000001454        0xc /Users/alexshapiro/Library/Application Support/Pebble SDK/SDKs/current/sdk-core/pebble/aplite/lib/libpebble.a(tmp7jpKUopebble.o)
                0x0000000000001454                clock_is_24h_style
 .text.dict_find
                0x0000000000001460        0xc /Users/alexshapiro/Library/Application Support/Pebble SDK/SDKs/current/sdk-core/pebble/aplite/lib/libpebble.a(tmp7jpKUopebble.o)
                0x0000000000001460                dict_find
 .text.graphics_fill_rect
                0x000000000000146c        0xc /Users/alexshapiro/Library/Application Support/Pebble SDK/SDKs/current/sdk-core/pebble/aplite/lib/libpebble.a(tmp7jpKUopebble.o)
                0x000000000000146c                graphics_fill_rect
 .text.layer_add_child
                0x0000000000001478        0xc /Users/alexshapiro/Library/Application Support/Pebble SDK/SDKs/current/sdk-core/pebble/aplite/lib/libpebble.a(tmp7jpKUopebble.o)
                0x0000000000001478                layer_add_child
 .text.layer_create
                0x0000000000001484        0xc /Users/alexshapiro/Library/Application Support/Pebble SDK/SDKs/current/sdk-core/pebble/aplite/lib/libpebble.a(tmp7jpKUopebble.o)
                0x0000000000001484                layer_create
 .text.layer_destroy
                0x0000000000001490        0xc /Users/alexshapiro/Library/Application Support/Pebble SDK/SDKs/current/sdk-core/pebble/aplite/lib/libpebble.a(tmp7jpKUopebble.o)
                0x0000000000001490                layer_destroy
 .text.layer_get_bounds
                0x000000000000149c        0xc /Users/alexshapiro/Library/Application Support/Pebble SDK/SDKs/current/sdk-core/pebble/aplite/lib/libpebble.a(tmp7jpKUopebble.o)
                0x000000000000149c                layer_get_bounds
 .text.layer_mark_dirty
                0x00000000000014a8        0xc /Users/alexshapiro/Library/Application Support/Pebble SDK/SDKs/current/sdk-core/pebble/aplite/lib/libpebble.a(tmp7jpKUopebble.o)
                0x00000000000014a8                layer_mark_dirty
 .text.layer_set_update_proc
                0x00000000000014b4        0xc /Users/alexshapiro/Library/Application Support/Pebble SDK/SDKs/current/sdk-core/pebble/aplite/lib/libpebble.a(tmp7jpKUopebble.o)
                0x00000000000014b4                layer_set_update_proc
 .text.persist_exists
                0x00000000000014c0        0xc /Users/alexshapiro/Library/Application Support/Pebble SDK/SDKs/current/sdk-core/pebble/aplite/lib/libpebble.a(tmp7jpKUopebble.o)
                0x00000000000014c0                persist_exists
 .text.persist_read_int
                0x00000000000014cc        0xc /Users/alexshapiro/Library/Application Support/Pebble SDK/SDKs/current/sdk-core/pebble/aplite/lib/libpebble.a(tmp7jpKUopebble.o)
                0x00000000000014cc                persist_read_int
 .text.persist_write_int
                0x00000000000014d8        0xc /Users/alexshapiro/Library/Application Support/Pebble SDK/SDKs/current/sdk-core/pebble/aplite/lib/libpebble.a(tmp7jpKUopebble.o)
                0x00000000000014d8                persist_write_int
 .text.persist_write_string
                0x00000000000014e4        0xc /Users/alexshapiro/Library/Application Support/Pebble SDK/SDKs/current/sdk-core/pebble/aplite/lib/libpebble.a(tmp7jpKUopebble.o)
                0x00000000000014e4                persist_write_string
 .text.snprintf
                0x00000000000014f0        0xc /Users/alexshapiro/Library/Application Support/Pebble SDK/SDKs/current/sdk-core/pebble/aplite/lib/libpebble.a(tmp7jpKUopebble.o)
                0x00000000000014f0                snprintf
 .text.srand    0x00000000000014fc        0xc /Users/alexshapiro/Library/Application Support/Pebble SDK/SDKs/current/sdk-core/pebble/aplite/lib/libpebble.a(tmp7jpKUopebble.o)
                0x00000000000014fc                srand
 .text.strcmp   0x0000000000001508        0xc /Users/alexshapiro/Library/Application Support/Pebble SDK/SDKs/current/sdk-core/pebble/aplite/lib/libpebble.a(tmp7jpKUopebble.o)
                0x0000000000001508                strcmp
 .text.strcpy   0x0000000000001514        0xc /Users/alexshapiro/Library/Application Support/Pebble SDK/SDKs/current/sdk-core/pebble/aplite/lib/libpebble.a(tmp7jpKUopebble.o)
                0x0000000000001514                strcpy
 .text.strlen   0x0000000000001520        0xc /Users/alexshapiro/Library/Application Support/Pebble SDK/SDKs/current/sdk-core/pebble/aplite/lib/libpebble.a(tmp7jpKUopebble.o)
                0x0000000000001520                strlen
 .text.tick_timer_service_subscribe
                0x000000000000152c        0xc /Users/alexshapiro/Library/Application Support/Pebble SDK/SDKs/current/sdk-core/pebble/aplite/lib/libpebble.a(tmp7jpKUopebble.o)
                0x000000000000152c                tick_timer_service_subscribe
 .text.tick_timer_service_unsubscribe
                0x0000000000001538        0xc /Users/alexshapiro/Library/Application Support/Pebble SDK/SDKs/current/sdk-core/pebble/aplite/lib/libpebble.a(tmp7jpKUopebble.o)
                0x0000000000001538                tick_timer_service_unsubscribe
 .text.vibes_double_pulse
                0x0000000000001544        0xc /Users/alexshapiro/Library/Application Support/Pebble SDK/SDKs/current/sdk-core/pebble/aplite/lib/libpebble.a(tmp7jpKUopebble.o)
                0x0000000000001544                vibes_double_pulse
 .text.vibes_enqueue_custom_pattern
                0x0000000000001550        0xc /Users/alexshapiro/Library/Application Support/Pebble SDK/SDKs/current/sdk-core/pebble/aplite/lib/libpebble.a(tmp7jpKUopebble.o)
                0x0000000000001550                vibes_enqueue_custom_pattern
 .text.window_create
                0x000000000000155c        0xc /Users/alexshapiro/Library/Application Support/Pebble SDK/SDKs/current/sdk-core/pebble/aplite/lib/libpebble.a(tmp7jpKUopebble.o)
                0x000000000000155c                window_create
 .text.window_destroy
                0x0000000000001568        0xc /Users/alexshapiro/Library/Application Support/Pebble SDK/SDKs/current/sdk-core/pebble/aplite/lib/libpebble.a(tmp7jpKUopebble.o)
                0x0000000000001568                window_destroy
 .text.window_get_root_layer
                0x0000000000001574        0xc /Users/alexshapiro/Library/Application Support/Pebble SDK/SDKs/current/sdk-core/pebble/aplite/lib/libpebble.a(tmp7jpKUopebble.o)
                0x0000000000001574                window_get_root_layer
 .text.window_stack_push
                0x0000000000001580        0xc /Users/alexshapiro/Library/Application Support/Pebble SDK/SDKs/current/sdk-core/pebble/aplite/lib/libpebble.a(tmp7jpKUopebble.o)
                0x0000000000001580                window_stack_push
 .text.app_message_register_inbox_dropped
                0x000000000000158c        0xc /Users/alexshapiro/Library/Application Support/Pebble SDK/SDKs/current/sdk-core/pebble/aplite/lib/libpebble.a(tmp7jpKUopebble.o)
                0x000000000000158c                app_message_register_inbox_dropped
 .text.app_message_register_inbox_received
                0x0000000000001598        0xc /Users/alexshapiro/Library/Application Support/Pebble SDK/SDKs/current/sdk-core/pebble/aplite/lib/libpebble.a(tmp7jpKUopebble.o)
                0x0000000000001598                app_message_register_inbox_received
 .text.persist_read_string
                0x00000000000015a4        0xc /Users/alexshapiro/Library/Application Support/Pebble SDK/SDKs/current/sdk-core/pebble/aplite/lib/libpebble.a(tmp7jpKUopebble.o)
                0x00000000000015a4                persist_read_string
 .text.graphics_context_set_fill_color
                0x00000000000015b0        0xc /Users/alexshapiro/Library/Application Support/Pebble SDK/SDKs/current/sdk-core/pebble/aplite/lib/libpebble.a(tmp7jpKUopebble.o)
                0x00000000000015b0                graphics_context_set_fill_color
 .text.window_set_background_color
                0x00000000000015bc        0xc /Users/alexshapiro/Library/Application Support/Pebble SDK/SDKs/current/sdk-core/pebble/aplite/lib/libpebble.a(tmp7jpKUopebble.o)
                0x00000000000015bc                window_set_background_color
 .text.localtime
                0x00000000000015c8        0xc /Users/alexshapiro/Library/Application Support/Pebble SDK/SDKs/current/sdk-core/pebble/aplite/lib/libpebble.a(tmp7jpKUopebble.o)
                0x00000000000015c8                localtime
 .text.animation_create
                0x00000000000015d4        0xc /Users/alexshapiro/Library/Application Support/Pebble SDK/SDKs/current/sdk-core/pebble/aplite/lib/libpebble.a(tmp7jpKUopebble.o)
                0x00000000000015d4                animation_create
 .text.animation_is_scheduled
                0x00000000000015e0        0xc /Users/alexshapiro/Library/Application Support/Pebble SDK/SDKs/current/sdk-core/pebble/aplite/lib/libpebble.a(tmp7jpKUopebble.o)
                0x00000000000015e0                animation_is_scheduled
 .text.animation_schedule
                0x00000000000015ec        0xc /Users/alexshapiro/Library/Application Support/Pebble SDK/SDKs/current/sdk-core/pebble/aplite/lib/libpebble.a(tmp7jpKUopebble.o)
                0x00000000000015ec                animation_schedule
 .text.animation_set_delay
                0x00000000000015f8        0xc /Users/alexshapiro/Library/Application Support/Pebble SDK/SDKs/current/sdk-core/pebble/aplite/lib/libpebble.a(tmp7jpKUopebble.o)
                0x00000000000015f8                animation_set_delay
 .text.animation_set_duration
                0x0000000000001604        0xc /Users/alexshapiro/Library/Application Support/Pebble SDK/SDKs/current/sdk-core/pebble/aplite/lib/libpebble.a(tmp7jpKUopebble.o)
                0x0000000000001604                animation_set_duration
 .text.animation_set_handlers
                0x0000000000001610        0xc /Users/alexshapiro/Library/Application Support/Pebble SDK/SDKs/current/sdk-core/pebble/aplite/lib/libpebble.a(tmp7jpKUopebble.o)
                0x0000000000001610                animation_set_handlers
 .text.animation_set_implementation
                0x000000000000161c        0xc /Users/alexshapiro/Library/Application Support/Pebble SDK/SDKs/current/sdk-core/pebble/aplite/lib/libpebble.a(tmp7jpKUopebble.o)
                0x000000000000161c                animation_set_implementation
 .text.animation_unschedule
                0x0000000000001628        0xc /Users/alexshapiro/Library/Application Support/Pebble SDK/SDKs/current/sdk-core/pebble/aplite/lib/libpebble.a(tmp7jpKUopebble.o)
                0x0000000000001628                animation_unschedule
 .text.time     0x0000000000001634        0xc /Users/alexshapiro/Library/Application Support/Pebble SDK/SDKs/current/sdk-core/pebble/aplite/lib/libpebble.a(tmp7jpKUopebble.o)
                0x0000000000001634                time
 *(.rodata)
 *(.rodata*)
 .rodata.str1.1
                0x0000000000001640      0x1a9 src/Blockslide.c.25.o
 *fill*         0x00000000000017e9        0x3 
 .rodata.segments.7759
                0x00000000000017ec       0x14 src/Blockslide.c.25.o

.glue_7         0x0000000000001800        0x0
 .glue_7        0x0000000000000000        0x0 linker stubs

.glue_7t        0x0000000000001800        0x0
 .glue_7t       0x0000000000000000        0x0 linker stubs

.vfp11_veneer   0x0000000000001800        0x0
 .vfp11_veneer  0x0000000000000000        0x0 linker stubs

.v4_bx          0x0000000000001800        0x0
 .v4_bx         0x0000000000000000        0x0 linker stubs

.iplt           0x0000000000001800        0x0
 .iplt          0x0000000000000000        0x0 /Users/alexshapiro/Library/Application Support/Pebble SDK/SDKs/4.9.77/toolchain/arm-none-eabi/bin/../lib/gcc/arm-none-eabi/4.7.2/thumb2/crtbegin.o

.rel.dyn        0x0000000000001800        0x0
 .rel.iplt      0x0000000000000000        0x0 /Users/alexshapiro/Library/Application Support/Pebble SDK/SDKs/4.9.77/toolchain/arm-none-eabi/bin/../lib/gcc/arm-none-eabi/4.7.2/thumb2/crtbegin.o
 .rel.got       0x0000000000000000        0x0 /Users/alexshapiro/Library/Application Support/Pebble SDK/SDKs/4.9.77/toolchain/arm-none-eabi/bin/../lib/gcc/arm-none-eabi/4.7.2/thumb2/crtbegin.o

.data           0x0000000000001800      0x754
 *(.data)
 .data          0x0000000000001800        0x0 /Users/alexshapiro/Library/Application Support/Pebble SDK/SDKs/4.9.77/toolchain/arm-none-eabi/bin/../lib/gcc/arm-none-eabi/4.7.2/thumb2/crti.o
 .data          0x0000000000001800        0x4 /Users/alexshapiro/Library/Application Support/Pebble SDK/SDKs/4.9.77/toolchain/arm-none-eabi/bin/../lib/gcc/arm-none-eabi/4.7.2/thumb2/crtbegin.o
                0x0000000000001800                __dso_handle
 .data          0x0000000000001804        0x8 src/Blockslide.c.25.o
 .data          0x000000000000180c        0x0 aplite/appinfo.auto.c.25.o
 .data          0x000000000000180c        0x0 aplite/src/resource_ids.auto.c.25.o
 .data          0x000000000000180c        0x0 src/message_keys.auto.c.25.o
 .data          0x000000000000180c        0x0 /Users/alexshapiro/Library/Application Support/Pebble SDK/SDKs/current/sdk-core/pebble/aplite/lib/libpebble.a(tmp7jpKUopebble.o)
 .data          0x000000000000180c        0x0 /Users/alexshapiro/Library/Application Support/Pebble SDK/SDKs/4.9.77/toolchain/arm-none-eabi/bin/../lib/gcc/arm-none-eabi/4.7.2/thumb2/crtend.o
 .data          0x000000000000180c        0x0 /Users/alexshapiro/Library/Application Support/Pebble SDK/SDKs/4.9.77/toolchain/arm-none-eabi/bin/../lib/gcc/arm-none-eabi/4.7.2/thumb2/crtn.o
 *(.data.*)
 .data.weekDay  0x000000000000180c       0xe0 src/Blockslide.c.25.o
                0x000000000000180c                weekDay
 .data.colorTheme
                0x00000000000018ec        0x4 src/Blockslide.c.25.o
                0x00000000000018ec                colorTheme
 .data.bluetoothStatus
                0x00000000000018f0        0x4 src/Blockslide.c.25.o
                0x00000000000018f0                bluetoothStatus
 .data.lastBluetoothStatus
                0x00000000000018f4        0x1 src/Blockslide.c.25.o
                0x00000000000018f4                lastBluetoothStatus
 .data.themeCodeText
                0x00000000000018f5       0x14 src/Blockslide.c.25.o
 *fill*         0x0000000000001909        0x3 
 .data.splash   0x000000000000190c        0x4 src/Blockslide.c.25.o
                0x000000000000190c                splash
 .data.roundCorners
                0x0000000000001910        0x4 src/Blockslide.c.25.o
                0x0000000000001910                roundCorners
 .data.digit2   0x0000000000001914       0x34 src/Blockslide.c.25.o
                0x0000000000001914                digit2
 .data.doanim   0x0000000000001948        0x1 src/Blockslide.c.25.o
                0x0000000000001948                doanim
 .data.digit4   0x0000000000001949       0x34 src/Blockslide.c.25.o
                0x0000000000001949                digit4
 .data.digit5   0x000000000000197d       0x34 src/Blockslide.c.25.o
                0x000000000000197d                digit5
 .data.digits   0x00000000000019b1      0x562 src/Blockslide.c.25.o
                0x00000000000019b1                digits
 *fill*         0x0000000000001f13        0x1 
 .data.curLang  0x0000000000001f14        0x4 src/Blockslide.c.25.o
                0x0000000000001f14                curLang
 .data.startDigit
                0x0000000000001f18       0x30 src/Blockslide.c.25.o
                0x0000000000001f18                startDigit
 .data.stripedDigits
                0x0000000000001f48        0x4 src/Blockslide.c.25.o
                0x0000000000001f48                stripedDigits
 .data.USDate   0x0000000000001f4c        0x4 src/Blockslide.c.25.o
                0x0000000000001f4c                USDate
 .data.batteryStatus
                0x0000000000001f50        0x4 src/Blockslide.c.25.o
                0x0000000000001f50                batteryStatus

.igot.plt       0x0000000000001f54        0x0
 .igot.plt      0x0000000000000000        0x0 /Users/alexshapiro/Library/Application Support/Pebble SDK/SDKs/4.9.77/toolchain/arm-none-eabi/bin/../lib/gcc/arm-none-eabi/4.7.2/thumb2/crtbegin.o

.got            0x0000000000001f54       0x1c
 .got           0x0000000000001f54       0x1c /Users/alexshapiro/Library/Application Support/Pebble SDK/SDKs/4.9.77/toolchain/arm-none-eabi/bin/../lib/gcc/arm-none-eabi/4.7.2/thumb2/crtbegin.o

.got.plt        0x0000000000001f70        0xc
 .got.plt       0x0000000000001f70        0xc /Users/alexshapiro/Library/Application Support/Pebble SDK/SDKs/4.9.77/toolchain/arm-none-eabi/bin/../lib/gcc/arm-none-eabi/4.7.2/thumb2/crtbegin.o
                0x0000000000001f70                _GLOBAL_OFFSET_TABLE_

.bss            0x0000000000001f7c      0x46c
 *(.bss)
 *(.bss.*)
 .bss.showWeekday
                0x0000000000001f7c        0x4 src/Blockslide.c.25.o
                0x0000000000001f7c                showWeekday
 .bss.mirror    0x0000000000001f80        0x4 src/Blockslide.c.25.o
                0x0000000000001f80                mirror
 .bss.chargeState.7746
                0x0000000000001f84        0x3 src/Blockslide.c.25.o
 *fill*         0x0000000000001f87        0x1 
 .bss.invertStatus
                0x0000000000001f88        0x4 src/Blockslide.c.25.o
                0x0000000000001f88                invertStatus
 .bss.fullDigits
                0x0000000000001f8c        0x4 src/Blockslide.c.25.o
                0x0000000000001f8c                fullDigits
 .bss.timer     0x0000000000001f90        0x4 src/Blockslide.c.25.o
 .bss.anim      0x0000000000001f94        0x4 src/Blockslide.c.25.o
                0x0000000000001f94                anim
 .bss.splashEnded
                0x0000000000001f98        0x1 src/Blockslide.c.25.o
                0x0000000000001f98                splashEnded
 .bss.animRunning
                0x0000000000001f99        0x1 src/Blockslide.c.25.o
                0x0000000000001f99                animRunning
 *fill*         0x0000000000001f9a        0x2 
 COMMON         0x0000000000001f9c      0x44c src/Blockslide.c.25.o
                0x0000000000001f9c                digitCorners
                0x0000000000002250                rootLayer
                0x0000000000002254                animImpl
                0x0000000000002260                mainLayer
                0x0000000000002264                window
                0x0000000000002268                slot

DISCARD
 libc.a(*)
 libm.a(*)
 libgcc.a(*)
 *(.eh_frame)
OUTPUT(/Users/alexshapiro/Library/Mobile Documents/com~apple~CloudDocs/Documents/CompSci/Pebble/Blockslide/build/aplite/pebble-app.elf elf32-littlearm)

.ARM.attributes
                0x0000000000000000       0x27
 .ARM.attributes
                0x0000000000000000       0x19 /Users/alexshapiro/Library/Application Support/Pebble SDK/SDKs/4.9.77/toolchain/arm-none-eabi/bin/../lib/gcc/arm-none-eabi/4.7.2/thumb2/crti.o
 .ARM.attributes
                0x0000000000000019       0x29 /Users/alexshapiro/Library/Application Support/Pebble SDK/SDKs/4.9.77/toolchain/arm-none-eabi/bin/../lib/gcc/arm-none-eabi/4.7.2/thumb2/crtbegin.o
 .ARM.attributes
                0x0000000000000042       0x33 src/Blockslide.c.25.o
 .ARM.attributes
                0x0000000000000075       0x33 aplite/appinfo.auto.c.25.o
 .ARM.attributes
                0x00000000000000a8       0x33 aplite/src/resource_ids.auto.c.25.o
 .ARM.attributes
                0x00000000000000db       0x33 src/message_keys.auto.c.25.o
 .ARM.attributes
                0x000000000000010e       0x21 /Users/alexshapiro/Library/Application Support/Pebble SDK/SDKs/current/sdk-core/pebble/aplite/lib/libpebble.a(tmp7jpKUopebble.o)
 .ARM.attributes
                0x000000000000012f       0x29 /Users/alexshapiro/Library/Application Support/Pebble SDK/SDKs/4.9.77/toolchain/arm-none-eabi/bin/../lib/gcc/arm-none-eabi/4.7.2/thumb2/crtend.o
 .ARM.attributes
                0x0000000000000158       0x19 /Users/alexshapiro/Library/Application Support/Pebble SDK/SDKs/4.9.77/toolchain/arm-none-eabi/bin/../lib/gcc/arm-none-eabi/4.7.2/thumb2/crtn.o

.comment        0x0000000000000000       0x4e
 .comment       0x0000000000000000       0x4e /Users/alexshapiro/Library/Application Support/Pebble SDK/SDKs/4.9.77/toolchain/arm-none-eabi/bin/../lib/gcc/arm-none-eabi/4.7.2/thumb2/crtbegin.o
                                         0x4f (size before relaxing)
 .comment       0x0000000000000000       0x4f src/Blockslide.c.25.o
 .comment       0x0000000000000000       0x4f aplite/appinfo.auto.c.25.o
 .comment       0x0000000000000000       0x4f aplite/src/resource_ids.auto.c.25.o
 .comment       0x0000000000000000       0x4f src/message_keys.auto.c.25.o
 .comment       0x0000000000000000       0x4f /Users/alexshapiro/Library/Application Support/Pebble SDK/SDKs/4.9.77/toolchain/arm-none-eabi/bin/../lib/gcc/arm-none-eabi/4.7.2/thumb2/crtend.o

.debug_info     0x0000000000000000     0x32df
 .debug_info    0x0000000000000000     0x2deb src/Blockslide.c.25.o
 .debug_info    0x0000000000002deb      0x31a aplite/appinfo.auto.c.25.o
 .debug_info    0x0000000000003105       0x81 aplite/src/resource_ids.auto.c.25.o
 .debug_info    0x0000000000003186      0x159 src/message_keys.auto.c.25.o

.debug_abbrev   0x0000000000000000      0x689
 .debug_abbrev  0x0000000000000000      0x563 src/Blockslide.c.25.o
 .debug_abbrev  0x0000000000000563       0x9e aplite/appinfo.auto.c.25.o
 .debug_abbrev  0x0000000000000601       0x44 aplite/src/resource_ids.auto.c.25.o
 .debug_abbrev  0x0000000000000645       0x44 src/message_keys.auto.c.25.o

.debug_loc      0x0000000000000000     0x1249
 .debug_loc     0x0000000000000000     0x1249 src/Blockslide.c.25.o

.debug_aranges  0x0000000000000000      0x170
 .debug_aranges
                0x0000000000000000      0x128 src/Blockslide.c.25.o
 .debug_aranges
                0x0000000000000128       0x18 aplite/appinfo.auto.c.25.o
 .debug_aranges
                0x0000000000000140       0x18 aplite/src/resource_ids.auto.c.25.o
 .debug_aranges
                0x0000000000000158       0x18 src/message_keys.auto.c.25.o

.debug_ranges   0x0000000000000000      0x220
 .debug_ranges  0x0000000000000000      0x220 src/Blockslide.c.25.o

.debug_line     0x0000000000000000      0xd1b
 .debug_line    0x0000000000000000      0x9e8 src/Blockslide.c.25.o
 .debug_line    0x00000000000009e8      0x15e aplite/appinfo.auto.c.25.o
 .debug_line    0x0000000000000b46       0xee aplite/src/resource_ids.auto.c.25.o
 .debug_line    0x0000000000000c34       0xe7 src/message_keys.auto.c.25.o

.debug_str      0x0000000000000000     0x14b8
 .debug_str     0x0000000000000000     0x1236 src/Blockslide.c.25.o
                                       0x1355 (size before relaxing)
 .debug_str     0x0000000000001236      0x120 aplite/appinfo.auto.c.25.o
                                        0x358 (size before relaxing)
 .debug_str     0x0000000000001356       0x3b aplite/src/resource_ids.auto.c.25.o
                                        0x13e (size before relaxing)
 .debug_str     0x0000000000001391      0x127 src/message_keys.auto.c.25.o
                                        0x22a (size before relaxing)

.debug_frame    0x0000000000000000      0x3a4
 .debug_frame   0x0000000000000000      0x3a4 src/Blockslide.c.25.o
