Archive member included because of file (symbol)

/Users/alexshapiro/Library/Application Support/Pebble SDK/SDKs/current/sdk-core/pebble/aplite/lib/libpebble.a(tmp7jpKUopebble.o)
                              src/Blockslide.c.25.o (accel_tap_service_subscribe)

Allocating common symbols
Common symbol       size              file

digitCorners        0x2b1             src/Blockslide.c.25.o
rootLayer           0x4               src/Blockslide.c.25.o
animImpl            0xc               src/Blockslide.c.25.o
mainLayer           0x4               src/Blockslide.c.25.o
window              0x4               src/Blockslide.c.25.o
slot                0x180             src/Blockslide.c.25.o

Discarded input sections

 .text          0x0000000000000000        0x0 /Users/alexshapiro/Library/Application Support/Pebble SDK/SDKs/4.9.77/toolchain/arm-none-eabi/bin/../lib/gcc/arm-none-eabi/4.7.2/thumb2/crti.o
 .bss           0x0000000000000000        0x0 /Users/alexshapiro/Library/Application Support/Pebble SDK/SDKs/4.9.77/toolchain/arm-none-eabi/bin/../lib/gcc/arm-none-eabi/4.7.2/thumb2/crti.o
 .init          0x0000000000000000        0x4 /Users/alexshapiro/Library/Application Support/Pebble SDK/SDKs/4.9.77/toolchain/arm-none-eabi/bin/../lib/gcc/arm-none-eabi/4.7.2/thumb2/crti.o
 .fini          0x0000000000000000        0x4 /Users/alexshapiro/Library/Application Support/Pebble SDK/SDKs/4.9.77/toolchain/arm-none-eabi/bin/../lib/gcc/arm-none-eabi/4.7.2/thumb2/crti.o
 .text          0x0000000000000000       0xc8 /Users/alexshapiro/Library/Application Support/Pebble SDK/SDKs/4.9.77/toolchain/arm-none-eabi/bin/../lib/gcc/arm-none-eabi/4.7.2/thumb2/crtbegin.o
 .bss           0x0000000000000000       0x1c /Users/alexshapiro/Library/Application Support/Pebble SDK/SDKs/4.9.77/toolchain/arm-none-eabi/bin/../lib/gcc/arm-none-eabi/4.7.2/thumb2/crtbegin.o
 .init_array    0x0000000000000000        0x4 /Users/alexshapiro/Library/Application Support/Pebble SDK/SDKs/4.9.77/toolchain/arm-none-eabi/bin/../lib/gcc/arm-none-eabi/4.7.2/thumb2/crtbegin.o
 .fini_array    0x0000000000000000        0x4 /Users/alexshapiro/Library/Application Support/Pebble SDK/SDKs/4.9.77/toolchain/arm-none-eabi/bin/../lib/gcc/arm-none-eabi/4.7.2/thumb2/crtbegin.o
 .eh_frame      0x0000000000000000        0x0 /Users/alexshapiro/Library/Application Support/Pebble SDK/SDKs/4.9.77/toolchain/arm-none-eabi/bin/../lib/gcc/arm-none-eabi/4.7.2/thumb2/crtbegin.o
 .jcr           0x0000000000000000        0x0 /Users/alexshapiro/Library/Application Support/Pebble SDK/SDKs/4.9.77/toolchain/arm-none-eabi/bin/../lib/gcc/arm-none-eabi/4.7.2/thumb2/crtbegin.o
 .tm_clone_table
                0x0000000000000000        0x0 /Users/alexshapiro/Library/Application Support/Pebble SDK/SDKs/4.9.77/toolchain/arm-none-eabi/bin/../lib/gcc/arm-none-eabi/4.7.2/thumb2/crtbegin.o
 .text          0x0000000000000000        0x0 src/Blockslide.c.25.o
 .bss           0x0000000000000000        0x0 src/Blockslide.c.25.o
 .text.initColors
                0x0000000000000000        0x2 src/Blockslide.c.25.o
 .text.hexCharToInt
                0x0000000000000000       0x2c src/Blockslide.c.25.o
 .text.hexStringToByte
                0x0000000000000000       0x2a src/Blockslide.c.25.o
 .text.decodeThemeCode
                0x0000000000000000        0x2 src/Blockslide.c.25.o
 .bss.digitShapesChanged
                0x0000000000000000        0x1 src/Blockslide.c.25.o
 .bss.buffer    0x0000000000000000      0x100 src/Blockslide.c.25.o
 .text          0x0000000000000000        0x0 aplite/appinfo.auto.c.25.o
 .bss           0x0000000000000000        0x0 aplite/appinfo.auto.c.25.o
 .text          0x0000000000000000        0x0 aplite/src/resource_ids.auto.c.25.o
 .bss           0x0000000000000000        0x0 aplite/src/resource_ids.auto.c.25.o
 .data.RESOURCE_ID_IMAGE_MENU_ICON
                0x0000000000000000        0x4 aplite/src/resource_ids.auto.c.25.o
 .text          0x0000000000000000        0x0 src/message_keys.auto.c.25.o
 .bss           0x0000000000000000        0x0 src/message_keys.auto.c.25.o
 .data.MESSAGE_KEY_stripes
                0x0000000000000000        0x4 src/message_keys.auto.c.25.o
 .data.MESSAGE_KEY_invert
                0x0000000000000000        0x4 src/message_keys.auto.c.25.o
 .data.MESSAGE_KEY_bluetooth
                0x0000000000000000        0x4 src/message_keys.auto.c.25.o
 .data.MESSAGE_KEY_splash
                0x0000000000000000        0x4 src/message_keys.auto.c.25.o
 .data.MESSAGE_KEY_battery
                0x0000000000000000        0x4 src/message_keys.auto.c.25.o
 .data.MESSAGE_KEY_fulldigits
                0x0000000000000000        0x4 src/message_keys.auto.c.25.o
 .data.MESSAGE_KEY_dateorder
                0x0000000000000000        0x4 src/message_keys.auto.c.25.o
 .data.MESSAGE_KEY_roundcorners
                0x0000000000000000        0x4 src/message_keys.auto.c.25.o
 .data.MESSAGE_KEY_mirror
                0x0000000000000000        0x4 src/message_keys.auto.c.25.o
[...]
Memory Configuration

Name             Origin             Length             Attributes
APP              0x0000000000000000 0x0000000000006000 xrw
*default*        0x0000000000000000 0xffffffffffffffff

Linker script and memory map

LOAD /Users/alexshapiro/Library/Application Support/Pebble SDK/SDKs/4.9.77/toolchain/arm-none-eabi/bin/../lib/gcc/arm-none-eabi/4.7.2/thumb2/crti.o
LOAD /Users/alexshapiro/Library/Application Support/Pebble SDK/SDKs/4.9.77/toolchain/arm-none-eabi/bin/../lib/gcc/arm-none-eabi/4.7.2/thumb2/crtbegin.o
LOAD src/Blockslide.c.25.o
LOAD aplite/appinfo.auto.c.25.o
LOAD aplite/src/resource_ids.auto.c.25.o
LOAD src/message_keys.auto.c.25.o
LOAD /Users/alexshapiro/Library/Application Support/Pebble SDK/SDKs/current/sdk-core/pebble/aplite/lib/libpebble.a
START GROUP
LOAD /Users/alexshapiro/Library/Application Support/Pebble SDK/SDKs/4.9.77/toolchain/arm-none-eabi/bin/../lib/gcc/arm-none-eabi/4.7.2/thumb2/libgcc.a
LOAD /Users/alexshapiro/Library/Application Support/Pebble SDK/SDKs/4.9.77/toolchain/arm-none-eabi/bin/../lib/gcc/arm-none-eabi/4.7.2/../../../../arm-none-eabi/lib/thumb2/libc.a
END GROUP
LOAD /Users/alexshapiro/Library/Application Support/Pebble SDK/SDKs/4.9.77/toolchain/arm-none-eabi/bin/../lib/gcc/arm-none-eabi/4.7.2/thumb2/crtend.o
LOAD /Users/alexshapiro/Library/Application Support/Pebble SDK/SDKs/4.9.77/toolchain/arm-none-eabi/bin/../lib/gcc/arm-none-eabi/4.7.2/thumb2/crtn.o

.header         0x0000000000000000       0x82
 *(.pbl_header)
 .pbl_header    0x0000000000000000       0x82 aplite/appinfo.auto.c.25.o
                0x0000000000000000                __pbl_app_info

.note.gnu.build-id
                0x0000000000000082       0x26
                0x0000000000000082                PROVIDE (BUILD_ID, .)
 *(.note.gnu.build-id)
 *fill*         0x0000000000000082        0x2 
 .note.gnu.build-id
                0x0000000000000084       0x24 linker stubs

.text           0x00000000000000a8     0x175c
 *(.text)
 .text          0x00000000000000a8       0x14 /Users/alexshapiro/Library/Application Support/Pebble SDK/SDKs/current/sdk-core/pebble/aplite/lib/libpebble.a(tmp7jpKUopebble.o)
 *(.text.*)
 .text.destroyAnim
                0x00000000000000bc       0x10 src/Blockslide.c.25.o
                0x00000000000000bc                destroyAnim
 .text.in_dropped_handler
                0x00000000000000cc        0x2 src/Blockslide.c.25.o
                0x00000000000000cc                in_dropped_handler
 *fill*         0x00000000000000ce        0x2 
 .text.animateDigits
                0x00000000000000d0       0x44 src/Blockslide.c.25.o
                0x00000000000000d0                animateDigits
 .text.updateMainLayer
                0x0000000000000114       0x58 src/Blockslide.c.25.o
                0x0000000000000114                updateMainLayer
 .text.slotFrame
                0x000000000000016c       0x5c src/Blockslide.c.25.o
                0x000000000000016c                slotFrame
 .text.findSlot
                0x00000000000001c8       0x2c src/Blockslide.c.25.o
                0x00000000000001c8                findSlot
 .text.updateSlot
                0x00000000000001f4      0x180 src/Blockslide.c.25.o
                0x00000000000001f4                updateSlot
 .text.initSlot
                0x0000000000000374       0x80 src/Blockslide.c.25.o
                0x0000000000000374                initSlot
 .text.deinitSlot
                0x00000000000003f4       0x18 src/Blockslide.c.25.o
                0x00000000000003f4                deinitSlot
 .text.redrawAllSlots
                0x000000000000040c       0x34 src/Blockslide.c.25.o
                0x000000000000040c                redrawAllSlots
 .text.createAnim
                0x0000000000000440       0x68 src/Blockslide.c.25.o
                0x0000000000000440                createAnim
 .text.handle_bluetooth
                0x00000000000004a8      0x13c src/Blockslide.c.25.o
                0x00000000000004a8                handle_bluetooth
 .text.handle_tick
                0x00000000000005e4      0x1d8 src/Blockslide.c.25.o
                0x00000000000005e4                handle_tick
 .text.do_update
                0x00000000000007bc       0x28 src/Blockslide.c.25.o
                0x00000000000007bc                do_update
 .text.handle_timer
                0x00000000000007e4       0x1c src/Blockslide.c.25.o
                0x00000000000007e4                handle_timer
 .text.safe_register_timer
                0x0000000000000800       0x30 src/Blockslide.c.25.o
                0x0000000000000800                safe_register_timer
 .text.handle_tap
                0x0000000000000830       0xf0 src/Blockslide.c.25.o
                0x0000000000000830                handle_tap
 .text.applyConfig
                0x0000000000000920       0x14 src/Blockslide.c.25.o
                0x0000000000000920                applyConfig
 .text.checkAndSaveInt
                0x0000000000000934       0x48 src/Blockslide.c.25.o
                0x0000000000000934                checkAndSaveInt
 .text.checkAndSaveString
                0x000000000000097c       0x78 src/Blockslide.c.25.o
                0x000000000000097c                checkAndSaveString
 .text.calcTileCorners
                0x00000000000009f4       0xb2 src/Blockslide.c.25.o
                0x00000000000009f4                calcTileCorners
 *fill*         0x0000000000000aa6        0x2 
 .text.calcDigitCorners
                0x0000000000000aa8       0xbc src/Blockslide.c.25.o
                0x0000000000000aa8                calcDigitCorners
 .text.swapDigitShapes
                0x0000000000000b64       0x80 src/Blockslide.c.25.o
                0x0000000000000b64                swapDigitShapes
 .text.in_received_handler
                0x0000000000000be4      0x1c4 src/Blockslide.c.25.o
                0x0000000000000be4                in_received_handler
 .text.readConfig
                0x0000000000000da8      0x344 src/Blockslide.c.25.o
                0x0000000000000da8                readConfig
 .text.initDigitCorners
                0x00000000000010ec       0x12 src/Blockslide.c.25.o
                0x00000000000010ec                initDigitCorners
 *fill*         0x00000000000010fe        0x2 
 .text.initSplash
                0x0000000000001100      0x108 src/Blockslide.c.25.o
                0x0000000000001100                initSplash
 .text.handle_init
                0x0000000000001208      0x140 src/Blockslide.c.25.o
                0x0000000000001208                handle_init
 .text.handle_deinit
                0x0000000000001348       0x78 src/Blockslide.c.25.o
                0x0000000000001348                handle_deinit
 .text.startup.main
                0x00000000000013c0       0x12 src/Blockslide.c.25.o
                0x00000000000013c0                main
 *fill*         0x00000000000013d2        0x2 
 .text.accel_tap_service_subscribe
                0x00000000000013d4        0xc /Users/alexshapiro/Library/Application Support/Pebble SDK/SDKs/current/sdk-core/pebble/aplite/lib/libpebble.a(tmp7jpKUopebble.o)
                0x00000000000013d4                accel_tap_service_subscribe
 .text.accel_tap_service_unsubscribe
                0x00000000000013e0        0xc /Users/alexshapiro/Library/Application Support/Pebble SDK/SDKs/current/sdk-core/pebble/aplite/lib/libpebble.a(tmp7jpKUopebble.o)
                0x00000000000013e0                accel_tap_service_unsubscribe
 .text.app_event_loop
                0x00000000000013ec        0xc /Users/alexshapiro/Library/Application Support/Pebble SDK/SDKs/current/sdk-core/pebble/aplite/lib/libpebble.a(tmp7jpKUopebble.o)
                0x00000000000013ec                app_event_loop
 .text.app_log  0x00000000000013f8        0xc /Users/alexshapiro/Library/Application Support/Pebble SDK/SDKs/current/sdk-core/pebble/aplite/lib/libpebble.a(tmp7jpKUopebble.o)
                0x00000000000013f8                app_log
 .text.app_message_open
                0x0000000000001404        0xc /Users/alexshapiro/Library/Application Support/Pebble SDK/SDKs/current/sdk-core/pebble/aplite/lib/libpebble.a(tmp7jpKUopebble.o)
                0x0000000000001404                app_message_open
 .text.app_timer_cancel
                0x0000000000001410        0xc /Users/alexshapiro/Library/Application Support/Pebble SDK/SDKs/current/sdk-core/pebble/aplite/lib/libpebble.a(tmp7jpKUopebble.o)
                0x0000000000001410                app_timer_cancel
 .text.app_timer_register
                0x000000000000141c        0xc /Users/alexshapiro/Library/Application Support/Pebble SDK/SDKs/current/sdk-core/pebble/aplite/lib/libpebble.a(tmp7jpKUopebble.o)
                0x000000000000141c                app_timer_register
 .text.battery_state_service_peek
                0x0000000000001428        0xc /Users/alexshapiro/Library/Application Support/Pebble SDK/SDKs/current/sdk-core/pebble/aplite/lib/libpebble.a(tmp7jpKUopebble.o)
                0x0000000000001428                battery_state_service_peek
 .text.bluetooth_connection_service_peek
                0x0000000000001434        0xc /Users/alexshapiro/Library/Application Support/Pebble SDK/SDKs/current/sdk-core/pebble/aplite/lib/libpebble.a(tmp7jpKUopebble.o)
                0x0000000000001434                bluetooth_connection_service_peek
 .text.bluetooth_connection_service_subscribe
                0x0000000000001440        0xc /Users/alexshapiro/Library/Application Support/Pebble SDK/SDKs/current/sdk-core/pebble/aplite/lib/libpebble.a(tmp7jpKUopebble.o)
                0x0000000000001440                bluetooth_connection_service_subscribe
 .text.bluetooth_connection_service_unsubscribe
                0x000000000000144c        0xc /Users/alexshapiro/Library/Application Support/Pebble SDK/SDKs/current/sdk-core/pebble/aplite/lib/libpebble.a(tmp7jpKUopebble.o)
                0x000000000000144c                bluetooth_connection_service_unsubscribe
 .text.clock_is_24h_style
                0x0000000000001458        0xc /Users/alexshapiro/Library/Application Support/Pebble SDK/SDKs/current/sdk-core/pebble/aplite/lib/libpebble.a(tmp7jpKUopebble.o)
                0x0000000000001458                clock_is_24h_style
 .text.dict_find
                0x0000000000001464        0xc /Users/alexshapiro/Library/Application Support/Pebble SDK/SDKs/current/sdk-core/pebble/aplite/lib/libpebble.a(tmp7jpKUopebble.o)
                0x0000000000001464                dict_find
 .text.graphics_fill_rect
                0x0000000000001470        0xc /Users/alexshapiro/Library/Application Support/Pebble SDK/SDKs/current/sdk-core/pebble/aplite/lib/libpebble.a(tmp7jpKUopebble.o)
                0x0000000000001470                graphics_fill_rect
 .text.layer_add_child
                0x000000000000147c        0xc /Users/alexshapiro/Library/Application Support/Pebble SDK/SDKs/current/sdk-core/pebble/aplite/lib/libpebble.a(tmp7jpKUopebble.o)
                0x000000000000147c                layer_add_child
 .text.layer_create
                0x0000000000001488        0xc /Users/alexshapiro/Library/Application Support/Pebble SDK/SDKs/current/sdk-core/pebble/aplite/lib/libpebble.a(tmp7jpKUopebble.o)
                0x0000000000001488                layer_create
 .text.layer_destroy
                0x0000000000001494        0xc /Users/alexshapiro/Library/Application Support/Pebble SDK/SDKs/current/sdk-core/pebble/aplite/lib/libpebble.a(tmp7jpKUopebble.o)
                0x0000000000001494                layer_destroy
 .text.layer_get_bounds
                0x00000000000014a0        0xc /Users/alexshapiro/Library/Application Support/Pebble SDK/SDKs/current/sdk-core/pebble/aplite/lib/libpebble.a(tmp7jpKUopebble.o)
                0x00000000000014a0                layer_get_bounds
 .text.layer_mark_dirty
                0x00000000000014ac        0xc /Users/alexshapiro/Library/Application Support/Pebble SDK/SDKs/current/sdk-core/pebble/aplite/lib/libpebble.a(tmp7jpKUopebble.o)
                0x00000000000014ac                layer_mark_dirty
 .text.layer_set_update_proc
                0x00000000000014b8        0xc /Users/alexshapiro/Library/Application Support/Pebble SDK/SDKs/current/sdk-core/pebble/aplite/lib/libpebble.a(tmp7jpKUopebble.o)
                0x00000000000014b8                layer_set_update_proc
 .text.persist_exists
                0x00000000000014c4        0xc /Users/alexshapiro/Library/Application Support/Pebble SDK/SDKs/current/sdk-core/pebble/aplite/lib/libpebble.a(tmp7jpKUopebble.o)
                0x00000000000014c4                persist_exists
 .text.persist_read_int
                0x00000000000014d0        0xc /Users/alexshapiro/Library/Application Support/Pebble SDK/SDKs/current/sdk-core/pebble/aplite/lib/libpebble.a(tmp7jpKUopebble.o)
                0x00000000000014d0                persist_read_int
 .text.persist_write_int
                0x00000000000014dc        0xc /Users/alexshapiro/Library/Application Support/Pebble SDK/SDKs/current/sdk-core/pebble/aplite/lib/libpebble.a(tmp7jpKUopebble.o)
                0x00000000000014dc                persist_write_int
 .text.persist_write_string
                0x00000000000014e8        0xc /Users/alexshapiro/Library/Application Support/Pebble SDK/SDKs/current/sdk-core/pebble/aplite/lib/libpebble.a(tmp7jpKUopebble.o)
                0x00000000000014e8                persist_write_string
 .text.snprintf
                0x00000000000014f4        0xc /Users/alexshapiro/Library/Application Support/Pebble SDK/SDKs/current/sdk-core/pebble/aplite/lib/libpebble.a(tmp7jpKUopebble.o)
                0x00000000000014f4                snprintf
 .text.srand    0x0000000000001500        0xc /Users/alexshapiro/Library/Application Support/Pebble SDK/SDKs/current/sdk-core/pebble/aplite/lib/libpebble.a(tmp7jpKUopebble.o)
                0x0000000000001500                srand
 .text.strcmp   0x000000000000150c        0xc /Users/alexshapiro/Library/Application Support/Pebble SDK/SDKs/current/sdk-core/pebble/aplite/lib/libpebble.a(tmp7jpKUopebble.o)
                0x000000000000150c                strcmp
 .text.strcpy   0x0000000000001518        0xc /Users/alexshapiro/Library/Application Support/Pebble SDK/SDKs/current/sdk-core/pebble/aplite/lib/libpebble.a(tmp7jpKUopebble.o)
                0x0000000000001518                strcpy
 .text.strlen   0x0000000000001524        0xc /Users/alexshapiro/Library/Application Support/Pebble SDK/SDKs/current/sdk-core/pebble/aplite/lib/libpebble.a(tmp7jpKUopebble.o)
                0x0000000000001524                strlen
 .text.tick_timer_service_subscribe
                0x0000000000001530        0xc /Users/alexshapiro/Library/Application Support/Pebble SDK/SDKs/current/sdk-core/pebble/aplite/lib/libpebble.a(tmp7jpKUopebble.o)
                0x0000000000001530                tick_timer_service_subscribe
 .text.tick_timer_service_unsubscribe
                0x000000000000153c        0xc /Users/alexshapiro/Library/Application Support/Pebble SDK/SDKs/current/sdk-core/pebble/aplite/lib/libpebble.a(tmp7jpKUopebble.o)
                0x000000000000153c                tick_timer_service_unsubscribe
 .text.vibes_double_pulse
                0x0000000000001548        0xc /Users/alexshapiro/Library/Application Support/Pebble SDK/SDKs/current/sdk-core/pebble/aplite/lib/libpebble.a(tmp7jpKUopebble.o)
                0x0000000000001548                vibes_double_pulse
 .text.vibes_enqueue_custom_pattern
                0x0000000000001554        0xc /Users/alexshapiro/Library/Application Support/Pebble SDK/SDKs/current/sdk-core/pebble/aplite/lib/libpebble.a(tmp7jpKUopebble.o)
                0x0000000000001554                vibes_enqueue_custom_pattern
 .text.window_create
                0x0000000000001560        0xc /Users/alexshapiro/Library/Application Support/Pebble SDK/SDKs/current/sdk-core/pebble/aplite/lib/libpebble.a(tmp7jpKUopebble.o)
                0x0000000000001560                window_create
 .text.window_destroy
                0x000000000000156c        0xc /Users/alexshapiro/Library/Application Support/Pebble SDK/SDKs/current/sdk-core/pebble/aplite/lib/libpebble.a(tmp7jpKUopebble.o)
                0x000000000000156c                window_destroy
 .text.window_get_root_layer
                0x0000000000001578        0xc /Users/alexshapiro/Library/Application Support/Pebble SDK/SDKs/current/sdk-core/pebble/aplite/lib/libpebble.a(tmp7jpKUopebble.o)
                0x0000000000001578                window_get_root_layer
 .text.window_stack_push
                0x0000000000001584        0xc /Users/alexshapiro/Library/Application Support/Pebble SDK/SDKs/current/sdk-core/pebble/aplite/lib/libpebble.a(tmp7jpKUopebble.o)
                0x0000000000001584                window_stack_push
 .text.app_message_register_inbox_dropped
                0x0000000000001590        0xc /Users/alexshapiro/Library/Application Support/Pebble SDK/SDKs/current/sdk-core/pebble/aplite/lib/libpebble.a(tmp7jpKUopebble.o)
                0x0000000000001590                app_message_register_inbox_dropped
 .text.app_message_register_inbox_received
                0x000000000000159c        0xc /Users/alexshapiro/Library/Application Support/Pebble SDK/SDKs/current/sdk-core/pebble/aplite/lib/libpebble.a(tmp7jpKUopebble.o)
                0x000000000000159c                app_message_register_inbox_received
 .text.persist_read_string
                0x00000000000015a8        0xc /Users/alexshapiro/Library/Application Support/Pebble SDK/SDKs/current/sdk-core/pebble/aplite/lib/libpebble.a(tmp7jpKUopebble.o)
                0x00000000000015a8                persist_read_string
 .text.graphics_context_set_fill_color
                0x00000000000015b4        0xc /Users/alexshapiro/Library/Application Support/Pebble SDK/SDKs/current/sdk-core/pebble/aplite/lib/libpebble.a(tmp7jpKUopebble.o)
                0x00000000000015b4                graphics_context_set_fill_color
 .text.window_set_background_color
                0x00000000000015c0        0xc /Users/alexshapiro/Library/Application Support/Pebble SDK/SDKs/current/sdk-core/pebble/aplite/lib/libpebble.a(tmp7jpKUopebble.o)
                0x00000000000015c0                window_set_background_color
 .text.localtime
                0x00000000000015cc        0xc /Users/alexshapiro/Library/Application Support/Pebble SDK/SDKs/current/sdk-core/pebble/aplite/lib/libpebble.a(tmp7jpKUopebble.o)
                0x00000000000015cc                localtime
 .text.animation_create
                0x00000000000015d8        0xc /Users/alexshapiro/Library/Application Support/Pebble SDK/SDKs/current/sdk-core/pebble/aplite/lib/libpebble.a(tmp7jpKUopebble.o)
                0x00000000000015d8                animation_create
 .text.animation_is_scheduled
                0x00000000000015e4        0xc /Users/alexshapiro/Library/Application Support/Pebble SDK/SDKs/current/sdk-core/pebble/aplite/lib/libpebble.a(tmp7jpKUopebble.o)
                0x00000000000015e4                animation_is_scheduled
 .text.animation_schedule
                0x00000000000015f0        0xc /Users/alexshapiro/Library/Application Support/Pebble SDK/SDKs/current/sdk-core/pebble/aplite/lib/libpebble.a(tmp7jpKUopebble.o)
                0x00000000000015f0                animation_schedule
 .text.animation_set_delay
                0x00000000000015fc        0xc /Users/alexshapiro/Library/Application Support/Pebble SDK/SDKs/current/sdk-core/pebble/aplite/lib/libpebble.a(tmp7jpKUopebble.o)
                0x00000000000015fc                animation_set_delay
 .text.animation_set_duration
                0x0000000000001608        0xc /Users/alexshapiro/Library/Application Support/Pebble SDK/SDKs/current/sdk-core/pebble/aplite/lib/libpebble.a(tmp7jpKUopebble.o)
                0x0000000000001608                animation_set_duration
 .text.animation_set_handlers
                0x0000000000001614        0xc /Users/alexshapiro/Library/Application Support/Pebble SDK/SDKs/current/sdk-core/pebble/aplite/lib/libpebble.a(tmp7jpKUopebble.o)
                0x0000000000001614                animation_set_handlers
 .text.animation_set_implementation
                0x0000000000001620        0xc /Users/alexshapiro/Library/Application Support/Pebble SDK/SDKs/current/sdk-core/pebble/aplite/lib/libpebble.a(tmp7jpKUopebble.o)
                0x0000000000001620                animation_set_implementation
 .text.animation_unschedule
                0x000000000000162c        0xc /Users/alexshapiro/Library/Application Support/Pebble SDK/SDKs/current/sdk-core/pebble/aplite/lib/libpebble.a(tmp7jpKUopebble.o)
                0x000000000000162c                animation_unschedule
 .text.time     0x0000000000001638        0xc /Users/alexshapiro/Library/Application Support/Pebble SDK/SDKs/current/sdk-core/pebble/aplite/lib/libpebble.a(tmp7jpKUopebble.o)
                0x0000000000001638                time
 *(.rodata)
 *(.rodata*)
 .rodata.str1.1
                0x0000000000001644      0x1a9 src/Blockslide.c.25.o
 *fill*         0x00000000000017ed        0x3 
 .rodata.segments.7759
                0x00000000000017f0       0x14 src/Blockslide.c.25.o

.glue_7         0x0000000000001804        0x0
 .glue_7        0x0000000000000000        0x0 linker stubs

.glue_7t        0x0000000000001804        0x0
 .glue_7t       0x0000000000000000        0x0 linker stubs

.vfp11_veneer   0x0000000000001804        0x0
 .vfp11_veneer  0x0000000000000000        0x0 linker stubs

.v4_bx          0x0000000000001804        0x0
 .v4_bx         0x0000000000000000        0x0 linker stubs

.iplt           0x0000000000001804        0x0
 .iplt          0x0000000000000000        0x0 /Users/alexshapiro/Library/Application Support/Pebble SDK/SDKs/4.9.77/toolchain/arm-none-eabi/bin/../lib/gcc/arm-none-eabi/4.7.2/thumb2/crtbegin.o

.rel.dyn        0x0000000000001804        0x0
 .rel.iplt      0x0000000000000000        0x0 /Users/alexshapiro/Library/Application Support/Pebble SDK/SDKs/4.9.77/toolchain/arm-none-eabi/bin/../lib/gcc/arm-none-eabi/4.7.2/thumb2/crtbegin.o
 .rel.got       0x0000000000000000        0x0 /Users/alexshapiro/Library/Application Support/Pebble SDK/SDKs/4.9.77/toolchain/arm-none-eabi/bin/../lib/gcc/arm-none-eabi/4.7.2/thumb2/crtbegin.o

.data           0x0000000000001804      0x754
 *(.data)
 .data          0x0000000000001804        0x0 /Users/alexshapiro/Library/Application Support/Pebble SDK/SDKs/4.9.77/toolchain/arm-none-eabi/bin/../lib/gcc/arm-none-eabi/4.7.2/thumb2/crti.o
 .data          0x0000000000001804        0x4 /Users/alexshapiro/Library/Application Support/Pebble SDK/SDKs/4.9.77/toolchain/arm-none-eabi/bin/../lib/gcc/arm-none-eabi/4.7.2/thumb2/crtbegin.o
                0x0000000000001804                __dso_handle
 .data          0x0000000000001808        0x8 src/Blockslide.c.25.o
 .data          0x0000000000001810        0x0 aplite/appinfo.auto.c.25.o
 .data          0x0000000000001810        0x0 aplite/src/resource_ids.auto.c.25.o
 .data          0x0000000000001810        0x0 src/message_keys.auto.c.25.o
 .data          0x0000000000001810        0x0 /Users/alexshapiro/Library/Application Support/Pebble SDK/SDKs/current/sdk-core/pebble/aplite/lib/libpebble.a(tmp7jpKUopebble.o)
 .data          0x0000000000001810        0x0 /Users/alexshapiro/Library/Application Support/Pebble SDK/SDKs/4.9.77/toolchain/arm-none-eabi/bin/../lib/gcc/arm-none-eabi/4.7.2/thumb2/crtend.o
 .data          0x0000000000001810        0x0 /Users/alexshapiro/Library/Application Support/Pebble SDK/SDKs/4.9.77/toolchain/arm-none-eabi/bin/../lib/gcc/arm-none-eabi/4.7.2/thumb2/crtn.o
 *(.data.*)
 .data.weekDay  0x0000000000001810       0xe0 src/Blockslide.c.25.o
                0x0000000000001810                weekDay
 .data.colorTheme
                0x00000000000018f0        0x4 src/Blockslide.c.25.o
                0x00000000000018f0                colorTheme
 .data.bluetoothStatus
                0x00000000000018f4        0x4 src/Blockslide.c.25.o
                0x00000000000018f4                bluetoothStatus
 .data.lastBluetoothStatus
                0x00000000000018f8        0x1 src/Blockslide.c.25.o
                0x00000000000018f8                lastBluetoothStatus
 .data.themeCodeText
                0x00000000000018f9       0x14 src/Blockslide.c.25.o
 *fill*         0x000000000000190d        0x3 
 .data.splash   0x0000000000001910        0x4 src/Blockslide.c.25.o
                0x0000000000001910                splash
 .data.roundCorners
                0x0000000000001914        0x4 src/Blockslide.c.25.o
                0x0000000000001914                roundCorners
 .data.digit2   0x0000000000001918       0x34 src/Blockslide.c.25.o
                0x0000000000001918                digit2
 .data.doanim   0x000000000000194c        0x1 src/Blockslide.c.25.o
                0x000000000000194c                doanim
 .data.digit4   0x000000000000194d       0x34 src/Blockslide.c.25.o
                0x000000000000194d                digit4
 .data.digit5   0x0000000000001981       0x34 src/Blockslide.c.25.o
                0x0000000000001981                digit5
 .data.digits   0x00000000000019b5      0x562 src/Blockslide.c.25.o
                0x00000000000019b5                digits
 *fill*         0x0000000000001f17        0x1 
 .data.curLang  0x0000000000001f18        0x4 src/Blockslide.c.25.o
                0x0000000000001f18                curLang
 .data.startDigit
                0x0000000000001f1c       0x30 src/Blockslide.c.25.o
                0x0000000000001f1c                startDigit
 .data.stripedDigits
                0x0000000000001f4c        0x4 src/Blockslide.c.25.o
                0x0000000000001f4c                stripedDigits
 .data.USDate   0x0000000000001f50        0x4 src/Blockslide.c.25.o
                0x0000000000001f50                USDate
 .data.batteryStatus
                0x0000000000001f54        0x4 src/Blockslide.c.25.o
                0x0000000000001f54                batteryStatus

.igot.plt       0x0000000000001f58        0x0
 .igot.plt      0x0000000000000000        0x0 /Users/alexshapiro/Library/Application Support/Pebble SDK/SDKs/4.9.77/toolchain/arm-none-eabi/bin/../lib/gcc/arm-none-eabi/4.7.2/thumb2/crtbegin.o

.got            0x0000000000001f58       0x1c
 .got           0x0000000000001f58       0x1c /Users/alexshapiro/Library/Application Support/Pebble SDK/SDKs/4.9.77/toolchain/arm-none-eabi/bin/../lib/gcc/arm-none-eabi/4.7.2/thumb2/crtbegin.o

.got.plt        0x0000000000001f74        0xc
 .got.plt       0x0000000000001f74        0xc /Users/alexshapiro/Library/Application Support/Pebble SDK/SDKs/4.9.77/toolchain/arm-none-eabi/bin/../lib/gcc/arm-none-eabi/4.7.2/thumb2/crtbegin.o
                0x0000000000001f74                _GLOBAL_OFFSET_TABLE_

.bss            0x0000000000001f80      0x46c
 *(.bss)
 *(.bss.*)
 .bss.showWeekday
                0x0000000000001f80        0x4 src/Blockslide.c.25.o
                0x0000000000001f80                showWeekday
 .bss.mirror    0x0000000000001f84        0x4 src/Blockslide.c.25.o
                0x0000000000001f84                mirror
 .bss.chargeState.7746
                0x0000000000001f88        0x3 src/Blockslide.c.25.o
 *fill*         0x0000000000001f8b        0x1 
 .bss.invertStatus
                0x0000000000001f8c        0x4 src/Blockslide.c.25.o
                0x0000000000001f8c                invertStatus
 .bss.fullDigits
                0x0000000000001f90        0x4 src/Blockslide.c.25.o
                0x0000000000001f90                fullDigits
 .bss.timer     0x0000000000001f94        0x4 src/Blockslide.c.25.o
 .bss.anim      0x0000000000001f98        0x4 src/Blockslide.c.25.o
                0x0000000000001f98                anim
 .bss.splashEnded
                0x0000000000001f9c        0x1 src/Blockslide.c.25.o
                0x0000000000001f9c                splashEnded
 .bss.animRunning
                0x0000000000001f9d        0x1 src/Blockslide.c.25.o
                0x0000000000001f9d                animRunning
 *fill*         0x0000000000001f9e        0x2 
 COMMON         0x0000000000001fa0      0x44c src/Blockslide.c.25.o
                0x0000000000001fa0                digitCorners
                0x0000000000002254                rootLayer
                0x0000000000002258                animImpl
                0x0000000000002264                mainLayer
                0x0000000000002268                window
                0x000000000000226c                slot

DISCARD
 libc.a(*)
 libm.a(*)
 libgcc.a(*)
 *(.eh_frame)
OUTPUT(/Users/alexshapiro/Library/Mobile Documents/com~apple~CloudDocs/Documents/CompSci/Pebble/Blockslide/build/aplite/pebble-app.elf elf32-littlearm)

.ARM.attributes
                0x0000000000000000       0x27
 .ARM.attributes
                0x0000000000000000       0x19 /Users/alexshapiro/Library/Application Support/Pebble SDK/SDKs/4.9.77/toolchain/arm-none-eabi/bin/../lib/gcc/arm-none-eabi/4.7.2/thumb2/crti.o
 .ARM.attributes
                0x0000000000000019       0x29 /Users/alexshapiro/Library/Application Support/Pebble SDK/SDKs/4.9.77/toolchain/arm-none-eabi/bin/../lib/gcc/arm-none-eabi/4.7.2/thumb2/crtbegin.o
 .ARM.attributes
                0x0000000000000042       0x33 src/Blockslide.c.25.o
 .ARM.attributes
                0x0000000000000075       0x33 aplite/appinfo.auto.c.25.o
 .ARM.attributes
                0x00000000000000a8       0x33 aplite/src/resource_ids.auto.c.25.o
 .ARM.attributes
                0x00000000000000db       0x33 src/message_keys.auto.c.25.o
 .ARM.attributes
                0x000000000000010e       0x21 /Users/alexshapiro/Library/Application Support/Pebble SDK/SDKs/current/sdk-core/pebble/aplite/lib/libpebble.a(tmp7jpKUopebble.o)
 .ARM.attributes
                0x000000000000012f       0x29 /Users/alexshapiro/Library/Application Support/Pebble SDK/SDKs/4.9.77/toolchain/arm-none-eabi/bin/../lib/gcc/arm-none-eabi/4.7.2/thumb2/crtend.o
 .ARM.attributes
                0x0000000000000158       0x19 /Users/alexshapiro/Library/Application Support/Pebble SDK/SDKs/4.9.77/toolchain/arm-none-eabi/bin/../lib/gcc/arm-none-eabi/4.7.2/thumb2/crtn.o

.comment        0x0000000000000000       0x4e
 .comment       0x0000000000000000       0x4e /Users/alexshapiro/Library/Application Support/Pebble SDK/SDKs/4.9.77/toolchain/arm-none-eabi/bin/../lib/gcc/arm-none-eabi/4.7.2/thumb2/crtbegin.o
                                         0x4f (size before relaxing)
 .comment       0x0000000000000000       0x4f src/Blockslide.c.25.o
 .comment       0x0000000000000000       0x4f aplite/appinfo.auto.c.25.o
 .comment       0x0000000000000000       0x4f aplite/src/resource_ids.auto.c.25.o
 .comment       0x0000000000000000       0x4f src/message_keys.auto.c.25.o
 .comment       0x0000000000000000       0x4f /Users/alexshapiro/Library/Application Support/Pebble SDK/SDKs/4.9.77/toolchain/arm-none-eabi/bin/../lib/gcc/arm-none-eabi/4.7.2/thumb2/crtend.o

.debug_info     0x0000000000000000     0x32df
 .debug_info    0x0000000000000000     0x2deb src/Blockslide.c.25.o
 .debug_info    0x0000000000002deb      0x31a aplite/appinfo.auto.c.25.o
 .debug_info    0x0000000000003105       0x81 aplite/src/resource_ids.auto.c.25.o
 .debug_info    0x0000000000003186      0x159 src/message_keys.auto.c.25.o

.debug_abbrev   0x0000000000000000      0x689
 .debug_abbrev  0x0000000000000000      0x563 src/Blockslide.c.25.o
 .debug_abbrev  0x0000000000000563       0x9e aplite/appinfo.auto.c.25.o
 .debug_abbrev  0x0000000000000601       0x44 aplite/src/resource_ids.auto.c.25.o
 .debug_abbrev  0x0000000000000645       0x44 src/message_keys.auto.c.25.o

.debug_loc      0x0000000000000000     0x1249
 .debug_loc     0x0000000000000000     0x1249 src/Blockslide.c.25.o

.debug_aranges  0x0000000000000000      0x170
 .debug_aranges
                0x0000000000000000      0x128 src/Blockslide.c.25.o
 .debug_aranges
                0x0000000000000128       0x18 aplite/appinfo.auto.c.25.o
 .debug_aranges
                0x0000000000000140       0x18 aplite/src/resource_ids.auto.c.25.o
 .debug_aranges
                0x0000000000000158       0x18 src/message_keys.auto.c.25.o

.debug_ranges   0x0000000000000000      0x220
 .debug_ranges  0x0000000000000000      0x220 src/Blockslide.c.25.o

.debug_line     0x0000000000000000      0xd1b
 .debug_line    0x0000000000000000      0x9e8 src/Blockslide.c.25.o
 .debug_line    0x00000000000009e8      0x15e aplite/appinfo.auto.c.25.o
 .debug_line    0x0000000000000b46       0xee aplite/src/resource_ids.auto.c.25.o
 .debug_line    0x0000000000000c34       0xe7 src/message_keys.auto.c.25.o

.debug_str      0x0000000000000000     0x14b8
 .debug_str     0x0000000000000000     0x1236 src/Blockslide.c.25.o
                                       0x1355 (size before relaxing)
 .debug_str     0x0000000000001236      0x120 aplite/appinfo.auto.c.25.o
                                        0x358 (size before relaxing)
 .debug_str     0x0000000000001356       0x3b aplite/src/resource_ids.auto.c.25.o
                                        0x13e (size before relaxing)
 .debug_str     0x0000000000001391      0x127 src/message_keys.auto.c.25.o
                                        0x22a (size before relaxing)

.debug_frame    0x0000000000000000      0x3a4
 .debug_frame   0x0000000000000000      0x3a4 src/Blockslide.c.25.o
